19:58:41 **** Incremental Build of configuration Debug for project practica4 ****
make -j7 all 
arm-none-eabi-gcc "../Drivers/API/Src/API_debounce.c" -mcpu=cortex-m4 -std=gnu11 -g3 -DDEBUG -DUSE_HAL_DRIVER -DSTM32F401xE -c -I../Core/Inc -I../Drivers/STM32F4xx_HAL_Driver/Inc -I../Drivers/STM32F4xx_HAL_Driver/Inc/Legacy -I../Drivers/CMSIS/Device/ST/STM32F4xx/Include -I../Drivers/CMSIS/Include -I"/Users/hollerller/Documents/UBA/CESE/PdM/PdM_workspaceDT/practica4/Core/Src" -I"/Users/hollerller/Documents/UBA/CESE/PdM/PdM_workspaceDT/practica4/Drivers/API/Inc" -I"/Users/hollerller/Documents/UBA/CESE/PdM/PdM_workspaceDT/practica4/Drivers/API/Src" -O0 -ffunction-sections -fdata-sections -Wall -fstack-usage -fcyclomatic-complexity -MMD -MP -MF"Drivers/API/Src/API_debounce.d" -MT"Drivers/API/Src/API_debounce.o" --specs=nano.specs -mfpu=fpv4-sp-d16 -mfloat-abi=hard -mthumb -o "Drivers/API/Src/API_debounce.o"
arm-none-eabi-gcc "../Drivers/API/Src/API_delay.c" -mcpu=cortex-m4 -std=gnu11 -g3 -DDEBUG -DUSE_HAL_DRIVER -DSTM32F401xE -c -I../Core/Inc -I../Drivers/STM32F4xx_HAL_Driver/Inc -I../Drivers/STM32F4xx_HAL_Driver/Inc/Legacy -I../Drivers/CMSIS/Device/ST/STM32F4xx/Include -I../Drivers/CMSIS/Include -I"/Users/hollerller/Documents/UBA/CESE/PdM/PdM_workspaceDT/practica4/Core/Src" -I"/Users/hollerller/Documents/UBA/CESE/PdM/PdM_workspaceDT/practica4/Drivers/API/Inc" -I"/Users/hollerller/Documents/UBA/CESE/PdM/PdM_workspaceDT/practica4/Drivers/API/Src" -O0 -ffunction-sections -fdata-sections -Wall -fstack-usage -fcyclomatic-complexity -MMD -MP -MF"Drivers/API/Src/API_delay.d" -MT"Drivers/API/Src/API_delay.o" --specs=nano.specs -mfpu=fpv4-sp-d16 -mfloat-abi=hard -mthumb -o "Drivers/API/Src/API_delay.o"
arm-none-eabi-gcc "../Core/Src/main.c" -mcpu=cortex-m4 -std=gnu11 -g3 -DDEBUG -DUSE_HAL_DRIVER -DSTM32F401xE -c -I../Core/Inc -I../Drivers/STM32F4xx_HAL_Driver/Inc -I../Drivers/STM32F4xx_HAL_Driver/Inc/Legacy -I../Drivers/CMSIS/Device/ST/STM32F4xx/Include -I../Drivers/CMSIS/Include -I"/Users/hollerller/Documents/UBA/CESE/PdM/PdM_workspaceDT/practica4/Core/Src" -I"/Users/hollerller/Documents/UBA/CESE/PdM/PdM_workspaceDT/practica4/Drivers/API/Inc" -I"/Users/hollerller/Documents/UBA/CESE/PdM/PdM_workspaceDT/practica4/Drivers/API/Src" -O0 -ffunction-sections -fdata-sections -Wall -fstack-usage -fcyclomatic-complexity -MMD -MP -MF"Core/Src/main.d" -MT"Core/Src/main.o" --specs=nano.specs -mfpu=fpv4-sp-d16 -mfloat-abi=hard -mthumb -o "Core/Src/main.o"
arm-none-eabi-gcc "../Core/Src/stm32f4xx_hal_msp.c" -mcpu=cortex-m4 -std=gnu11 -g3 -DDEBUG -DUSE_HAL_DRIVER -DSTM32F401xE -c -I../Core/Inc -I../Drivers/STM32F4xx_HAL_Driver/Inc -I../Drivers/STM32F4xx_HAL_Driver/Inc/Legacy -I../Drivers/CMSIS/Device/ST/STM32F4xx/Include -I../Drivers/CMSIS/Include -I"/Users/hollerller/Documents/UBA/CESE/PdM/PdM_workspaceDT/practica4/Core/Src" -I"/Users/hollerller/Documents/UBA/CESE/PdM/PdM_workspaceDT/practica4/Drivers/API/Inc" -I"/Users/hollerller/Documents/UBA/CESE/PdM/PdM_workspaceDT/practica4/Drivers/API/Src" -O0 -ffunction-sections -fdata-sections -Wall -fstack-usage -fcyclomatic-complexity -MMD -MP -MF"Core/Src/stm32f4xx_hal_msp.d" -MT"Core/Src/stm32f4xx_hal_msp.o" --specs=nano.specs -mfpu=fpv4-sp-d16 -mfloat-abi=hard -mthumb -o "Core/Src/stm32f4xx_hal_msp.o"
arm-none-eabi-gcc "../Core/Src/stm32f4xx_it.c" -mcpu=cortex-m4 -std=gnu11 -g3 -DDEBUG -DUSE_HAL_DRIVER -DSTM32F401xE -c -I../Core/Inc -I../Drivers/STM32F4xx_HAL_Driver/Inc -I../Drivers/STM32F4xx_HAL_Driver/Inc/Legacy -I../Drivers/CMSIS/Device/ST/STM32F4xx/Include -I../Drivers/CMSIS/Include -I"/Users/hollerller/Documents/UBA/CESE/PdM/PdM_workspaceDT/practica4/Core/Src" -I"/Users/hollerller/Documents/UBA/CESE/PdM/PdM_workspaceDT/practica4/Drivers/API/Inc" -I"/Users/hollerller/Documents/UBA/CESE/PdM/PdM_workspaceDT/practica4/Drivers/API/Src" -O0 -ffunction-sections -fdata-sections -Wall -fstack-usage -fcyclomatic-complexity -MMD -MP -MF"Core/Src/stm32f4xx_it.d" -MT"Core/Src/stm32f4xx_it.o" --specs=nano.specs -mfpu=fpv4-sp-d16 -mfloat-abi=hard -mthumb -o "Core/Src/stm32f4xx_it.o"
arm-none-eabi-gcc -o "practica4.elf" @"objects.list"   -mcpu=cortex-m4 -T"/Users/hollerller/Documents/UBA/CESE/PdM/PdM_workspaceDT/practica4/STM32F401RETX_FLASH.ld" --specs=nosys.specs -Wl,-Map="practica4.map" -Wl,--gc-sections -static --specs=nano.specs -mfpu=fpv4-sp-d16 -mfloat-abi=hard -mthumb -Wl,--start-group -lc -lm -Wl,--end-group
Finished building target: practica4.elf
 
arm-none-eabi-size   practica4.elf 
arm-none-eabi-objdump -h -S  practica4.elf  > "practica4.list"
Finished building: practica4.list
 
   text	   data	    bss	    dec	    hex	filename
   8224	     20	   1652	   9896	   26a8	practica4.elf
Finished building: default.size.stdout
 
19:59:30 **** Incremental Build of configuration Debug for project practica4 ****
make -j7 all 
arm-none-eabi-size   practica4.elf 
   text	   data	    bss	    dec	    hex	filename
   8224	     20	   1652	   9896	   26a8	practica4.elf
Finished building: default.size.stdout
 
19:59:51 **** Incremental Build of configuration Debug for project practica4 ****
make -j7 all 
arm-none-eabi-size   practica4.elf 
   text	   data	    bss	    dec	    hex	filename
   8224	     20	   1652	   9896	   26a8	practica4.elf
Finished building: default.size.stdout
 
